============================= test session starts =============================
platform win32 -- Python 3.13.6, pytest-9.0.2, pluggy-1.6.0 -- C:\Python313\python.exe
cachedir: .pytest_cache
rootdir: C:\Users\User\Desktop\Aroov_Project\api
collecting ... collected 2 items

test_recommend.py::test_clean_list FAILED                                [ 50%]
test_recommend.py::test_recommendation_logic FAILED                      [100%]

================================== FAILURES ===================================
_______________________________ test_clean_list _______________________________

    def test_clean_list():
        # Pass dummy arguments for BaseHTTPRequestHandler.__init__
>       h = handler(None, ('127.0.0.1', 8080), None)
            ^^^^^^^^^^^^^^^^^^^^^^^^^^^^^^^^^^^^^^^^

test_recommend.py:7: 
_ _ _ _ _ _ _ _ _ _ _ _ _ _ _ _ _ _ _ _ _ _ _ _ _ _ _ _ _ _ _ _ _ _ _ _ _ _ _ _
C:\Python313\Lib\socketserver.py:764: in __init__
    self.setup()
_ _ _ _ _ _ _ _ _ _ _ _ _ _ _ _ _ _ _ _ _ _ _ _ _ _ _ _ _ _ _ _ _ _ _ _ _ _ _ _

self = <recommend.handler object at 0x0000023508DBC830>

    def setup(self):
        self.connection = self.request
        if self.timeout is not None:
            self.connection.settimeout(self.timeout)
        if self.disable_nagle_algorithm:
            self.connection.setsockopt(socket.IPPROTO_TCP,
                                       socket.TCP_NODELAY, True)
>       self.rfile = self.connection.makefile('rb', self.rbufsize)
                     ^^^^^^^^^^^^^^^^^^^^^^^^
E       AttributeError: 'NoneType' object has no attribute 'makefile'

C:\Python313\Lib\socketserver.py:816: AttributeError
__________________________ test_recommendation_logic __________________________

    def test_recommendation_logic():
        users = [
            {
                "budget_max": 500,
                "preferred_activities": "Nature, Hiking",
                "preferred_types": "Outdoor"
            }
        ]
    
>       h = handler(None, ('127.0.0.1', 8080), None)
            ^^^^^^^^^^^^^^^^^^^^^^^^^^^^^^^^^^^^^^^^

test_recommend.py:22: 
_ _ _ _ _ _ _ _ _ _ _ _ _ _ _ _ _ _ _ _ _ _ _ _ _ _ _ _ _ _ _ _ _ _ _ _ _ _ _ _
C:\Python313\Lib\socketserver.py:764: in __init__
    self.setup()
_ _ _ _ _ _ _ _ _ _ _ _ _ _ _ _ _ _ _ _ _ _ _ _ _ _ _ _ _ _ _ _ _ _ _ _ _ _ _ _

self = <recommend.handler object at 0x0000023508C36D50>

    def setup(self):
        self.connection = self.request
        if self.timeout is not None:
            self.connection.settimeout(self.timeout)
        if self.disable_nagle_algorithm:
            self.connection.setsockopt(socket.IPPROTO_TCP,
                                       socket.TCP_NODELAY, True)
>       self.rfile = self.connection.makefile('rb', self.rbufsize)
                     ^^^^^^^^^^^^^^^^^^^^^^^^
E       AttributeError: 'NoneType' object has no attribute 'makefile'

C:\Python313\Lib\socketserver.py:816: AttributeError
=========================== short test summary info ===========================
FAILED test_recommend.py::test_clean_list - AttributeError: 'NoneType' object...
FAILED test_recommend.py::test_recommendation_logic - AttributeError: 'NoneTy...
============================== 2 failed in 0.34s ==============================
